C:\MCUXpresso_workspace\frdmk64f_gpio_input_interrupt\CMSIS/core_cm4.h:1679:22:__NVIC_EnableIRQ	16	static
C:\MCUXpresso_workspace\frdmk64f_gpio_input_interrupt\drivers/fsl_common_arm.h:499:24:EnableIRQ	24	static
C:\MCUXpresso_workspace\frdmk64f_gpio_input_interrupt\drivers/fsl_port.h:443:20:PORT_SetPinInterruptConfig	24	static
C:\MCUXpresso_workspace\frdmk64f_gpio_input_interrupt\drivers/fsl_gpio.h:191:20:GPIO_PortSet	16	static
C:\MCUXpresso_workspace\frdmk64f_gpio_input_interrupt\drivers/fsl_gpio.h:206:20:GPIO_PortClear	16	static
../source/gpio_input_interrupt.c:96:6:PORTA_IRQHandler	8	static
../source/gpio_input_interrupt.c:111:6:PORTC_IRQHandler	8	static
../source/gpio_input_interrupt.c:129:5:main	16	static
../source/gpio_input_interrupt.c:193:6:p2f_state_a	8	static
../source/gpio_input_interrupt.c:225:6:p2f_state_b	8	static
../source/gpio_input_interrupt.c:257:6:p2f_state_c	8	static
../source/gpio_input_interrupt.c:289:6:p2f_state_d	8	static
../source/gpio_input_interrupt.c:321:6:p2f_state_e	8	static
../source/gpio_input_interrupt.c:353:6:p2f_state_f	8	static
