C:\MCUXpresso_workspace\frdmk64f_gpio_input_interrupt\drivers/fsl_gpio.h:191:20:GPIO_PortSet	16	static
C:\MCUXpresso_workspace\frdmk64f_gpio_input_interrupt\drivers/fsl_gpio.h:206:20:GPIO_PortClear	16	static
../source/task_app.c:22:6:p2f_state_a	8	static
../source/task_app.c:32:6:p2f_state_b	8	static
../source/task_app.c:42:6:p2f_state_c	8	static
../source/task_app.c:52:6:p2f_state_d	8	static
../source/task_app.c:62:6:p2f_state_e	8	static
../source/task_app.c:72:6:p2f_state_f	8	static
../source/task_app.c:83:6:p2f_state_g	8	static
../source/task_app.c:93:6:task_general_function	16	static
